[phongdangcf.wixsite.com/my-site-2.html]
[static.parastorage.com/unpkg/core-js-bundle@3.2.1/minified.js]
[static.parastorage.com/unpkg/focus-within-polyfill@5.0.9/dist/focus-within-polyfill.js]
[backblue.gif]
[fade.gif]
[index.html]
[polyfill.io/v3/polyfill.mind82c.js]
[browser.sentry-cdn.com/6.18.2/bundle.min.js]
[phongdangcf.wixsite.com/decodeURIComponent(e]
[phongdangcf.wixsite.com/sitemap.xml]
[phongdangcf.wixsite.com/feed.xml]
[static.parastorage.com/services/wix-thunderbolt/dist/bootstrap-features.9f584914.bundle.min.js]
[static.parastorage.com/services/wix-thunderbolt/dist/main.731e5ec1.bundle.min.js]
[static.parastorage.com/unpkg/lodash@4.17.21/lodash.min.js]
[static.parastorage.com/unpkg/react@16.13.1/umd/react.production.min.js]
[static.parastorage.com/services/wix-code-platform/1.1097.2/elementory-browser-support.min.js]
[static.parastorage.com/services/tag-manager-client/1.427.0/siteTags.bundle.min.js]
[static.parastorage.com/services/wix-perf-measure/1.756.0/wix-perf-measure.bundle.min.js]
[static.parastorage.com/unpkg/react-dom@16.13.1/umd/react-dom.production.min.js]
[phongdangcf.wixsite.com/da6c52cb.min.css]
[phongdangcf.wixsite.com/b604fd33.min.css]
[phongdangcf.wixsite.com/index.html]
[phongdangcf.wixsite.com/02b07b80.min.12.delayed]
[phongdangcf.wixsite.com/ba99686b.min.css]
[phongdangcf.wixsite.com/b3e8ff7e.min.css]
[phongdangcf.wixsite.com/version/index.html]
[phongdangcf.wixsite.com/d078781b.min.css]
[phongdangcf.wixsite.com/ae28f799.chunk.min.js]
[phongdangcf.wixsite.com/rb_wixui.thunderbolt_bootstrap-classic.49bd849e.chunk.min.js]
[phongdangcf.wixsite.com/rb_wixui.thunderbolt_bootstrap-responsive.f3ca696f.chunk.min.css]
[phongdangcf.wixsite.com/rb_wixui.thunderbolt_bootstrap-responsive.d4eb482d.chunk.min.js]
[phongdangcf.wixsite.com/rb_wixui.thunderbolt_bootstrap.8bf33f67.chunk.min.css]
[phongdangcf.wixsite.com/rb_wixui.thunderbolt_bootstrap.ae28f799.chunk.min.js]
[phongdangcf.wixsite.com/my-site-2/contact.html]
[static.wixstatic.com/media/11062b_3bc0a742dcc54a698a440056823c715f_mv2.jpg/v1/fill/w_356,h_237,al_c,q_80,usm_0.66_1.00_0.01,blur_2,enc_auto/11062b_3bc0a742dcc54a698a440056823c715f_mv2.jpg]
[static.wixstatic.com/media/edb2a6_d7f08e182c2a4f468757eb8652612c7f_mv2.jpg/v1/crop/x_0,y_23,w_1572,h_1572/fill/w_80,h_80,al_c,q_80,usm_0.66_1.00_0.01,blur_2,enc_auto/Bản sao của 147 (1).jpg]
[static.wixstatic.com/media/0fdef751204647a3bbd7eaa2827ed4f9.png/v1/fill/w_25,h_25,al_c,q_85,usm_0.66_1.00_0.01,blur_3,enc_auto/0fdef751204647a3bbd7eaa2827ed4f9.png]
[static.wixstatic.com/media/edb2a6_2b935b42233447c69d50e66341d66233_mv2.png/v1/fill/w_25,h_25,al_c,q_85,usm_0.66_1.00_0.01,blur_3,enc_auto/edb2a6_2b935b42233447c69d50e66341d66233_mv2.png]
[static.wixstatic.com/media/78aa2057f0cb42fbbaffcbc36280a64a.png/v1/fill/w_25,h_25,al_c,q_85,usm_0.66_1.00_0.01,blur_3,enc_auto/78aa2057f0cb42fbbaffcbc36280a64a.png]
[static.wixstatic.com/media/01c3aff52f2a4dffa526d7a9843d46ea.png/v1/fill/w_25,h_25,al_c,q_85,usm_0.66_1.00_0.01,blur_3,enc_auto/01c3aff52f2a4dffa526d7a9843d46ea.png]
[static.wixstatic.com/media/0fdef751204647a3bbd7eaa2827ed4f9.png/v1/fill/w_20,h_20,al_c,q_85,usm_0.66_1.00_0.01,blur_3,enc_auto/0fdef751204647a3bbd7eaa2827ed4f9.png]
[static.wixstatic.com/media/edb2a6_2b935b42233447c69d50e66341d66233_mv2.png/v1/fill/w_20,h_20,al_c,q_85,usm_0.66_1.00_0.01,blur_3,enc_auto/edb2a6_2b935b42233447c69d50e66341d66233_mv2.png]
[static.wixstatic.com/media/78aa2057f0cb42fbbaffcbc36280a64a.png/v1/fill/w_20,h_20,al_c,q_85,usm_0.66_1.00_0.01,blur_3,enc_auto/78aa2057f0cb42fbbaffcbc36280a64a.png]
[static.wixstatic.com/media/01c3aff52f2a4dffa526d7a9843d46ea.png/v1/fill/w_20,h_20,al_c,q_85,usm_0.66_1.00_0.01,blur_3,enc_auto/01c3aff52f2a4dffa526d7a9843d46ea.png]
[phongdangcf.wixsite.com/my-site-2.html]
[phongdangcf.wixsite.com/decodeURIComponent(e.html]
[phongdangcf.wixsite.com/sitemap.html]
[phongdangcf.wixsite.com/feed.html]
[phongdangcf.wixsite.com/index.html]
[phongdangcf.wixsite.com/version/index.html]
[phongdangcf.wixsite.com/da6c52cb.min.html]
[phongdangcf.wixsite.com/b604fd33.min.html]
[phongdangcf.wixsite.com/02b07b80.min.html]
[phongdangcf.wixsite.com/ba99686b.min.html]
[phongdangcf.wixsite.com/b3e8ff7e.min.html]
[phongdangcf.wixsite.com/d078781b.min.html]
[phongdangcf.wixsite.com/ae28f799.chunk.min.html]
[phongdangcf.wixsite.com/rb_wixui.thunderbolt_bootstrap-classic.49bd849e.chunk.min.html]
[phongdangcf.wixsite.com/rb_wixui.thunderbolt_bootstrap-responsive.f3ca696f.chunk.min.html]
[phongdangcf.wixsite.com/rb_wixui.thunderbolt_bootstrap-responsive.d4eb482d.chunk.min.html]
[phongdangcf.wixsite.com/rb_wixui.thunderbolt_bootstrap.8bf33f67.chunk.min.html]
[phongdangcf.wixsite.com/rb_wixui.thunderbolt_bootstrap.ae28f799.chunk.min.html]
[phongdangcf.wixsite.com/my-site-2/decodeURIComponent(e]
[phongdangcf.wixsite.com/my-site-2/robots.txt]
[phongdangcf.wixsite.com/my-site-2/sitemap.xml]
[phongdangcf.wixsite.com/my-site-2/feed.xml]
[phongdangcf.wixsite.com/my-site-2/eec152dc.min.css]
[phongdangcf.wixsite.com/my-site-2/version/index.html]
[phongdangcf.wixsite.com/my-site-2/da6c52cb.min.2c.delayed]
[phongdangcf.wixsite.com/my-site-2/b604fd33.min.css]
[phongdangcf.wixsite.com/my-site-2/02b07b80.min.css]
[phongdangcf.wixsite.com/my-site-2/ba99686b.min.css]
[phongdangcf.wixsite.com/my-site-2/7c602eb2.min.css]
[phongdangcf.wixsite.com/my-site-2/b3e8ff7e.min.css]
[phongdangcf.wixsite.com/my-site-2/ae28f799.chunk.min.js]
[phongdangcf.wixsite.com/my-site-2/rb_wixui.thunderbolt_bootstrap-classic.49bd849e.chunk.min.js]
[phongdangcf.wixsite.com/my-site-2/rb_wixui.thunderbolt_bootstrap-responsive.f3ca696f.chunk.min.css]
[phongdangcf.wixsite.com/my-site-2/rb_wixui.thunderbolt_bootstrap-responsive.d4eb482d.chunk.min.js]
[phongdangcf.wixsite.com/my-site-2/rb_wixui.thunderbolt_common-site-members-dialogs.7602a3f3.chunk.min.css]
[phongdangcf.wixsite.com/my-site-2/rb_wixui.thunderbolt_common-site-members-dialogs.467016cb.chunk.min.js]
[phongdangcf.wixsite.com/my-site-2/rb_wixui.thunderbolt_bootstrap.8bf33f67.chunk.min.css]
[phongdangcf.wixsite.com/my-site-2/rb_wixui.thunderbolt_bootstrap.ae28f799.chunk.min.js]
[phongdangcf.wixsite.com/my-site-2/contact.html]
[phongdangcf.wixsite.com/my-site-2/decodeURIComponent(e.html]
[phongdangcf.wixsite.com/my-site-2/robots.html]
[phongdangcf.wixsite.com/my-site-2/feed.html]
[phongdangcf.wixsite.com/my-site-2/version/index.html]
[phongdangcf.wixsite.com/my-site-2/eec152dc.min.html]
[phongdangcf.wixsite.com/my-site-2/da6c52cb.min.html]
[phongdangcf.wixsite.com/my-site-2/b604fd33.min.html]
[phongdangcf.wixsite.com/my-site-2/02b07b80.min.html]
[phongdangcf.wixsite.com/my-site-2/ba99686b.min.html]
[phongdangcf.wixsite.com/my-site-2/7c602eb2.min.html]
[phongdangcf.wixsite.com/my-site-2/b3e8ff7e.min.html]
[phongdangcf.wixsite.com/my-site-2/ae28f799.chunk.min.html]
[phongdangcf.wixsite.com/my-site-2/rb_wixui.thunderbolt_bootstrap-classic.49bd849e.chunk.min.html]
[phongdangcf.wixsite.com/my-site-2/rb_wixui.thunderbolt_bootstrap-responsive.f3ca696f.chunk.min.html]
[phongdangcf.wixsite.com/my-site-2/rb_wixui.thunderbolt_bootstrap-responsive.d4eb482d.chunk.min.html]
[phongdangcf.wixsite.com/my-site-2/rb_wixui.thunderbolt_common-site-members-dialogs.7602a3f3.chunk.min.html]
[phongdangcf.wixsite.com/my-site-2/rb_wixui.thunderbolt_common-site-members-dialogs.467016cb.chunk.min.html]
[phongdangcf.wixsite.com/my-site-2/rb_wixui.thunderbolt_bootstrap.8bf33f67.chunk.min.html]
[phongdangcf.wixsite.com/my-site-2/rb_wixui.thunderbolt_bootstrap.ae28f799.chunk.min.html]
